2026-10-02T14:51:47.577Z Waiting 15s for the graphics and virtual display drivers to initialise.
2026-10-02T14:52:03.389Z Display off sent, the physical monitor should now be in standby.
2026-10-02T14:54:39.897Z Waiting 15s for the graphics and virtual display drivers to initialise.
2026-10-02T14:54:55.654Z Display off sent, the physical monitor should now be in standby.
2026-10-02T14:57:55.077Z Waiting 5s for the graphics and virtual display drivers to initialise.
2026-10-02T14:58:00.721Z Display off sent, the physical monitor should now be in standby.
2026-10-02T14:58:57.199Z Waiting 5s for the graphics and virtual display drivers to initialise.
2026-10-02T14:59:02.557Z Display off sent, the physical monitor should now be in standby.
2026-10-02T15:19:35.256Z Waiting 5s for the graphics and virtual display drivers to initialise.
2026-10-02T15:19:40.615Z Display off sent, the physical monitor should now be in standby.
^C2026-10-02T16:00:04.199Z Waiting 5s for the graphics and virtual display drivers to initialise.
2026-10-02T16:00:09.588Z Display off sent, the physical monitor should now be in standby.
^C^C^C2026-10-02T20:01:49.671Z Waiting 5s for the graphics and virtual display drivers to initialise.
^C2026-10-02T20:36:07.354Z Waiting 5s for the graphics and virtual display drivers to initialise.
2026-10-02T20:36:12.724Z Display off sent, the physical monitor should now be in standby.
^C2026-10-02T20:54:31.090Z Waiting 5s for the graphics and virtual display drivers to initialise.
2026-10-02T20:54:36.492Z Display off sent, the physical monitor should now be in standby.
2026-10-02T20:57:51.800Z Waiting 5s for the graphics and virtual display drivers to initialise.
2026-10-02T20:57:57.393Z Display off sent, the physical monitor should now be in standby.
^C2026-10-02T21:07:42.119Z Waiting 5s for the graphics and virtual display drivers to initialise.
2026-10-02T21:07:47.562Z Display off sent, the physical monitor should now be in standby.
2026-10-02T21:11:18.890Z Waiting 5s for the graphics and virtual display drivers to initialise.
2026-10-02T21:11:24.250Z Display off sent, the physical monitor should now be in standby.
2026-10-03T17:06:43.920Z Waiting 5s for the graphics and virtual display drivers to initialise.
2026-10-03T17:06:49.366Z Display off sent, the physical monitor should now be in standby.
2026-10-04T19:16:55.467Z Waiting 5s for the graphics and virtual display drivers to initialise.
2026-10-04T19:17:00.880Z Display off sent, the physical monitor should now be in standby.
2026-10-05T07:51:23.659Z Waiting 5s for the graphics and virtual display drivers to initialise.
2026-10-05T07:51:30.142Z Display off sent, the physical monitor should now be in standby.
2026-10-05T08:53:12.590Z Waiting 5s for the graphics and virtual display drivers to initialise.
2026-10-05T08:53:17.857Z Display off sent, the physical monitor should now be in standby.
2026-10-05T09:00:28.920Z Waiting 5s for the graphics and virtual display drivers to initialise.
^C